src/pages/ProduccionPage.tsx(564,6): error TS17008: JSX element 'div' has no corresponding closing tag.
src/pages/ProduccionPage.tsx(1089,14): error TS1381: Unexpected token. Did you mean `{'}'}` or `&rbrace;`?
src/pages/ProduccionPage.tsx(1091,9): error TS1005: ')' expected.
src/pages/ProduccionPage.tsx(1095,1): error TS1381: Unexpected token. Did you mean `{'}'}` or `&rbrace;`?
src/pages/ProduccionPage.tsx(1096,1): error TS1005: '</' expected.
